
> ai-anomaly-system@0.1.0 build
> next build

node.exe : ΓÜá 
Warning: Next.js 
inferred your 
workspace root, but 
it may not be 
correct.
At line:1 char:1
+ & "C:\Program Files
\nodejs/node.exe" "C:
\Users\ojasw\AppData\
Roaming\ ...
+ ~~~~~~~~~~~~~~~~~~~
~~~~~~~~~~~~~~~~~~~~~
~~~~~~~~~~~~~~~~~~~~~
~~~~~~~~
    + CategoryInfo   
           : 
NotSpecified:     
(ΓÜá Warning: Ne...n 
   ot be 
correct.:Strin    g) 
[], RemoteExcepti    
on
    + 
FullyQualifiedErro   
 rId : 
NativeCommandE    
rror
 
 We detected 
multiple lockfiles 
and selected the 
directory of C:\Users
\ojasw\OneDrive\Deskt
op\package-lock.json 
as the root 
directory.
 To silence this 
warning, set 
`turbopack.root` in 
your Next.js config, 
or consider removing 
one of the lockfiles 
if it's not needed.
   See https://nextjs
.org/docs/app/api-ref
erence/config/next-co
nfig-js/turbopack#roo
t-directory for more 
information.
 Detected additional 
lockfiles: 
   * C:\Users\ojasw\O
neDrive\Desktop\AI_An
omaly_LDR\ai-anomaly-
system\package-lock.j
son

Γû▓ Next.js 16.1.6 (Turbopack)

  Creating an optimized production build ...

> Build error 
occurred
Error: Turbopack 
build failed with 4 
errors:
./AI_Anomaly_LDR/ai-a
nomaly-system/app/das
hboard/page.js:9:1
Module not found: 
Can't resolve '../com
ponents/AlertCenter'
[0m [90m  7 |[39m 
[36mimport[39m 
[33mLiveChart[39m 
[36mfrom[39m [32m'
../components/LiveCha
rt'[39m[33m;[39m
 [90m  8 |[39m 
[36mimport[39m [33
mRecentReadings[39m 
[36mfrom[39m [32m'
../components/RecentR
eadings'[39m[33m;[
39m
[31m[1m>[22m[39m
[90m  9 |[39m 
[36mimport[39m [33
mAlertCenter[39m 
[36mfrom[39m [32m'
../components/AlertCe
nter'[39m[33m;[39m
 [90m    |[39m [31
m[1m^[22m[39m[31m
[1m^[22m[39m[31m
[1m^[22m[39m[31m[
1m^[22m[39m[31m[1
m^[22m[39m[31m[1m
^[22m[39m[31m[1m^
[22m[39m[31m[1m^
[22m[39m[31m[1m^[
22m[39m[31m[1m^[2
2m[39m[31m[1m^[22
m[39m[31m[1m^[22m
[39m[31m[1m^[22m
[39m[31m[1m^[22m[
39m[31m[1m^[22m[3
9m[31m[1m^[22m[39
m[31m[1m^[22m[39m
[31m[1m^[22m[39m
[31m[1m^[22m[39m[
31m[1m^[22m[39m[3
1m[1m^[22m[39m[31
m[1m^[22m[39m[31m
[1m^[22m[39m[31m
[1m^[22m[39m[31m[
1m^[22m[39m[31m[1
m^[22m[39m[31m[1m
^[22m[39m[31m[1m^
[22m[39m[31m[1m^
[22m[39m[31m[1m^[
22m[39m[31m[1m^[2
2m[39m[31m[1m^[22
m[39m[31m[1m^[22m
[39m[31m[1m^[22m
[39m[31m[1m^[22m[
39m[31m[1m^[22m[3
9m[31m[1m^[22m[39
m[31m[1m^[22m[39m
[31m[1m^[22m[39m
[31m[1m^[22m[39m[
31m[1m^[22m[39m[3
1m[1m^[22m[39m[31
m[1m^[22m[39m[31m
[1m^[22m[39m[31m
[1m^[22m[39m[31m[
1m^[22m[39m[31m[1
m^[22m[39m[31m[1m
^[22m[39m[31m[1m^
[22m[39m[31m[1m^
[22m[39m[31m[1m^[
22m[39m[31m[1m^[2
2m[39m
 [90m 10 |[39m 
[36mimport[39m 
[33mStatusCard[39m 
[36mfrom[39m [32m'
../components/StatusC
ard'[39m[33m;[39m
 [90m 11 |[39m
 [90m 12 |[39m 
[36mconst[39m [33m
API_BASE_URL[39m 
[33m=[39m [32m'htt
p://localhost:8000'[
39m[33m;[39m[0m



Import traces:
  Client Component 
Browser:
    ./AI_Anomaly_LDR/
ai-anomaly-system/app
/dashboard/page.js 
[Client Component 
Browser]
    ./AI_Anomaly_LDR/
ai-anomaly-system/app
/dashboard/page.js 
[Server Component]

  Client Component 
SSR:
    ./AI_Anomaly_LDR/
ai-anomaly-system/app
/dashboard/page.js 
[Client Component 
SSR]
    ./AI_Anomaly_LDR/
ai-anomaly-system/app
/dashboard/page.js 
[Server Component]

https://nextjs.org/do
cs/messages/module-no
t-found


./AI_Anomaly_LDR/ai-a
nomaly-system/app/das
hboard/page.js:7:1
Module not found: 
Can't resolve '../com
ponents/LiveChart'
[0m [90m  5 |[39m 
[36mimport[39m { 
motion[33m,[39m [3
3mAnimatePresence[39
m } [36mfrom[39m [
32m'framer-motion'[3
9m[33m;[39m
 [90m  6 |[39m 
[36mimport[39m { [
33mActivity[39m[33m
,[39m [33mShieldAle
rt[39m[33m,[39m [
33mCpu[39m[33m,[39
m [33mDatabase[39m
[33m,[39m [33mRefre
shCw[39m[33m,[39m 
[33mTerminal[39m[3
3m,[39m [33mAlertTr
iangle[39m[33m,[39
m [33mLayers[39m } 
[36mfrom[39m [32m'
lucide-react'[39m[3
3m;[39m
[31m[1m>[22m[39m
[90m  7 |[39m 
[36mimport[39m 
[33mLiveChart[39m 
[36mfrom[39m [32m'
../components/LiveCha
rt'[39m[33m;[39m
 [90m    |[39m [31
m[1m^[22m[39m[31m
[1m^[22m[39m[31m
[1m^[22m[39m[31m[
1m^[22m[39m[31m[1
m^[22m[39m[31m[1m
^[22m[39m[31m[1m^
[22m[39m[31m[1m^
[22m[39m[31m[1m^[
22m[39m[31m[1m^[2
2m[39m[31m[1m^[22
m[39m[31m[1m^[22m
[39m[31m[1m^[22m
[39m[31m[1m^[22m[
39m[31m[1m^[22m[3
9m[31m[1m^[22m[39
m[31m[1m^[22m[39m
[31m[1m^[22m[39m
[31m[1m^[22m[39m[
31m[1m^[22m[39m[3
1m[1m^[22m[39m[31
m[1m^[22m[39m[31m
[1m^[22m[39m[31m
[1m^[22m[39m[31m[
1m^[22m[39m[31m[1
m^[22m[39m[31m[1m
^[22m[39m[31m[1m^
[22m[39m[31m[1m^
[22m[39m[31m[1m^[
22m[39m[31m[1m^[2
2m[39m[31m[1m^[22
m[39m[31m[1m^[22m
[39m[31m[1m^[22m
[39m[31m[1m^[22m[
39m[31m[1m^[22m[3
9m[31m[1m^[22m[39
m[31m[1m^[22m[39m
[31m[1m^[22m[39m
[31m[1m^[22m[39m[
31m[1m^[22m[39m[3
1m[1m^[22m[39m[31
m[1m^[22m[39m[31m
[1m^[22m[39m[31m
[1m^[22m[39m[31m[
1m^[22m[39m[31m[1
m^[22m[39m[31m[1m
^[22m[39m
 [90m  8 |[39m 
[36mimport[39m [33
mRecentReadings[39m 
[36mfrom[39m [32m'
../components/RecentR
eadings'[39m[33m;[
39m
 [90m  9 |[39m 
[36mimport[39m [33
mAlertCenter[39m 
[36mfrom[39m [32m'
../components/AlertCe
nter'[39m[33m;[39m
 [90m 10 |[39m 
[36mimport[39m 
[33mStatusCard[39m 
[36mfrom[39m [32m'
../components/StatusC
ard'[39m[33m;[39m
[0m



Import traces:
  Client Component 
Browser:
    ./AI_Anomaly_LDR/
ai-anomaly-system/app
/dashboard/page.js 
[Client Component 
Browser]
    ./AI_Anomaly_LDR/
ai-anomaly-system/app
/dashboard/page.js 
[Server Component]

  Client Component 
SSR:
    ./AI_Anomaly_LDR/
ai-anomaly-system/app
/dashboard/page.js 
[Client Component 
SSR]
    ./AI_Anomaly_LDR/
ai-anomaly-system/app
/dashboard/page.js 
[Server Component]

https://nextjs.org/do
cs/messages/module-no
t-found


./AI_Anomaly_LDR/ai-a
nomaly-system/app/das
hboard/page.js:8:1
Module not found: 
Can't resolve '../com
ponents/RecentReading
s'
[0m [90m  6 |[39m 
[36mimport[39m { [
33mActivity[39m[33m
,[39m [33mShieldAle
rt[39m[33m,[39m [
33mCpu[39m[33m,[39
m [33mDatabase[39m
[33m,[39m [33mRefre
shCw[39m[33m,[39m 
[33mTerminal[39m[3
3m,[39m [33mAlertTr
iangle[39m[33m,[39
m [33mLayers[39m } 
[36mfrom[39m [32m'
lucide-react'[39m[3
3m;[39m
 [90m  7 |[39m 
[36mimport[39m 
[33mLiveChart[39m 
[36mfrom[39m [32m'
../components/LiveCha
rt'[39m[33m;[39m
[31m[1m>[22m[39m
[90m  8 |[39m 
[36mimport[39m [33
mRecentReadings[39m 
[36mfrom[39m [32m'
../components/RecentR
eadings'[39m[33m;[
39m
 [90m    |[39m [31
m[1m^[22m[39m[31m
[1m^[22m[39m[31m
[1m^[22m[39m[31m[
1m^[22m[39m[31m[1
m^[22m[39m[31m[1m
^[22m[39m[31m[1m^
[22m[39m[31m[1m^
[22m[39m[31m[1m^[
22m[39m[31m[1m^[2
2m[39m[31m[1m^[22
m[39m[31m[1m^[22m
[39m[31m[1m^[22m
[39m[31m[1m^[22m[
39m[31m[1m^[22m[3
9m[31m[1m^[22m[39
m[31m[1m^[22m[39m
[31m[1m^[22m[39m
[31m[1m^[22m[39m[
31m[1m^[22m[39m[3
1m[1m^[22m[39m[31
m[1m^[22m[39m[31m
[1m^[22m[39m[31m
[1m^[22m[39m[31m[
1m^[22m[39m[31m[1
m^[22m[39m[31m[1m
^[22m[39m[31m[1m^
[22m[39m[31m[1m^
[22m[39m[31m[1m^[
22m[39m[31m[1m^[2
2m[39m[31m[1m^[22
m[39m[31m[1m^[22m
[39m[31m[1m^[22m
[39m[31m[1m^[22m[
39m[31m[1m^[22m[3
9m[31m[1m^[22m[39
m[31m[1m^[22m[39m
[31m[1m^[22m[39m
[31m[1m^[22m[39m[
31m[1m^[22m[39m[3
1m[1m^[22m[39m[31
m[1m^[22m[39m[31m
[1m^[22m[39m[31m
[1m^[22m[39m[31m[
1m^[22m[39m[31m[1
m^[22m[39m[31m[1m
^[22m[39m[31m[1m^
[22m[39m[31m[1m^
[22m[39m[31m[1m^[
22m[39m[31m[1m^[2
2m[39m[31m[1m^[22
m[39m[31m[1m^[22m
[39m[31m[1m^[22m
[39m[31m[1m^[22m[
39m[31m[1m^[22m[3
9m[31m[1m^[22m[39
m
 [90m  9 |[39m 
[36mimport[39m [33
mAlertCenter[39m 
[36mfrom[39m [32m'
../components/AlertCe
nter'[39m[33m;[39m
 [90m 10 |[39m 
[36mimport[39m 
[33mStatusCard[39m 
[36mfrom[39m [32m'
../components/StatusC
ard'[39m[33m;[39m
 [90m 11 |[39m[0m



Import traces:
  Client Component 
Browser:
    ./AI_Anomaly_LDR/
ai-anomaly-system/app
/dashboard/page.js 
[Client Component 
Browser]
    ./AI_Anomaly_LDR/
ai-anomaly-system/app
/dashboard/page.js 
[Server Component]

  Client Component 
SSR:
    ./AI_Anomaly_LDR/
ai-anomaly-system/app
/dashboard/page.js 
[Client Component 
SSR]
    ./AI_Anomaly_LDR/
ai-anomaly-system/app
/dashboard/page.js 
[Server Component]

https://nextjs.org/do
cs/messages/module-no
t-found


./AI_Anomaly_LDR/ai-a
nomaly-system/app/das
hboard/page.js:10:1
Module not found: 
Can't resolve '../com
ponents/StatusCard'
[0m [90m  8 |[39m 
[36mimport[39m [33
mRecentReadings[39m 
[36mfrom[39m [32m'
../components/RecentR
eadings'[39m[33m;[
39m
 [90m  9 |[39m 
[36mimport[39m [33
mAlertCenter[39m 
[36mfrom[39m [32m'
../components/AlertCe
nter'[39m[33m;[39m
[31m[1m>[22m[39m
[90m 10 |[39m 
[36mimport[39m 
[33mStatusCard[39m 
[36mfrom[39m [32m'
../components/StatusC
ard'[39m[33m;[39m
 [90m    |[39m [31
m[1m^[22m[39m[31m
[1m^[22m[39m[31m
[1m^[22m[39m[31m[
1m^[22m[39m[31m[1
m^[22m[39m[31m[1m
^[22m[39m[31m[1m^
[22m[39m[31m[1m^
[22m[39m[31m[1m^[
22m[39m[31m[1m^[2
2m[39m[31m[1m^[22
m[39m[31m[1m^[22m
[39m[31m[1m^[22m
[39m[31m[1m^[22m[
39m[31m[1m^[22m[3
9m[31m[1m^[22m[39
m[31m[1m^[22m[39m
[31m[1m^[22m[39m
[31m[1m^[22m[39m[
31m[1m^[22m[39m[3
1m[1m^[22m[39m[31
m[1m^[22m[39m[31m
[1m^[22m[39m[31m
[1m^[22m[39m[31m[
1m^[22m[39m[31m[1
m^[22m[39m[31m[1m
^[22m[39m[31m[1m^
[22m[39m[31m[1m^
[22m[39m[31m[1m^[
22m[39m[31m[1m^[2
2m[39m[31m[1m^[22
m[39m[31m[1m^[22m
[39m[31m[1m^[22m
[39m[31m[1m^[22m[
39m[31m[1m^[22m[3
9m[31m[1m^[22m[39
m[31m[1m^[22m[39m
[31m[1m^[22m[39m
[31m[1m^[22m[39m[
31m[1m^[22m[39m[3
1m[1m^[22m[39m[31
m[1m^[22m[39m[31m
[1m^[22m[39m[31m
[1m^[22m[39m[31m[
1m^[22m[39m[31m[1
m^[22m[39m[31m[1m
^[22m[39m[31m[1m^
[22m[39m[31m[1m^
[22m[39m
 [90m 11 |[39m
 [90m 12 |[39m 
[36mconst[39m [33m
API_BASE_URL[39m 
[33m=[39m [32m'htt
p://localhost:8000'[
39m[33m;[39m
 [90m 13 |[39m[0m



Import traces:
  Client Component 
Browser:
    ./AI_Anomaly_LDR/
ai-anomaly-system/app
/dashboard/page.js 
[Client Component 
Browser]
    ./AI_Anomaly_LDR/
ai-anomaly-system/app
/dashboard/page.js 
[Server Component]

  Client Component 
SSR:
    ./AI_Anomaly_LDR/
ai-anomaly-system/app
/dashboard/page.js 
[Client Component 
SSR]
    ./AI_Anomaly_LDR/
ai-anomaly-system/app
/dashboard/page.js 
[Server Component]

https://nextjs.org/do
cs/messages/module-no
t-found


    at <unknown> (./A
I_Anomaly_LDR/ai-anom
aly-system/app/dashbo
ard/page.js:9:1)
    at <unknown> (htt
ps://nextjs.org/docs/
messages/module-not-f
ound)
    at <unknown> (./A
I_Anomaly_LDR/ai-anom
aly-system/app/dashbo
ard/page.js:7:1)
    at <unknown> (htt
ps://nextjs.org/docs/
messages/module-not-f
ound)
    at <unknown> (./A
I_Anomaly_LDR/ai-anom
aly-system/app/dashbo
ard/page.js:8:1)
    at <unknown> (htt
ps://nextjs.org/docs/
messages/module-not-f
ound)
    at <unknown> (./A
I_Anomaly_LDR/ai-anom
aly-system/app/dashbo
ard/page.js:10:1)
    at <unknown> (htt
ps://nextjs.org/docs/
messages/module-not-f
ound)
